// Jest Snapshot v1, https://goo.gl/fbAQLP

exports[`Sping matches the snapshot 1`] = `
<div
  className="root"
>
  Sping
</div>
`;
