// Jest Snapshot v1, https://goo.gl/fbAQLP

exports[`Bing matches the snapshot 1`] = `
<div
  className="root"
>
  Bing
</div>
`;
